../Core/Src/oled.c:49:6:OLED_Send	24	static
../Core/Src/oled.c:57:6:OLED_SendCmd	16	static
../Core/Src/oled.c:70:6:OLED_Init	8	static
../Core/Src/oled.c:127:6:OLED_DisPlay_On	8	static
../Core/Src/oled.c:137:6:OLED_DisPlay_Off	8	static
../Core/Src/oled.c:149:6:OLED_SetColorMode	16	static
../Core/Src/oled.c:166:6:OLED_NewFrame	8	static
../Core/Src/oled.c:175:6:OLED_ShowFrame	16	static
../Core/Src/oled.c:195:6:OLED_SetPixel	16	static
../Core/Src/oled.c:221:6:OLED_SetByte_Fine	16	static
../Core/Src/oled.c:247:6:OLED_SetByte	16	static
../Core/Src/oled.c:267:6:OLED_SetBits_Fine	40	static
../Core/Src/oled.c:295:6:OLED_SetBits	40	static
../Core/Src/oled.c:317:6:OLED_SetBlock	40	static
../Core/Src/oled.c:357:6:OLED_DrawLine	40	static
../Core/Src/oled.c:433:6:OLED_DrawRectangle	32	static
../Core/Src/oled.c:449:6:OLED_DrawFilledRectangle	40	static
../Core/Src/oled.c:467:6:OLED_DrawTriangle	32	static
../Core/Src/oled.c:484:6:OLED_DrawFilledTriangle	40	static
../Core/Src/oled.c:524:6:OLED_DrawCircle	32	static
../Core/Src/oled.c:560:6:OLED_DrawFilledCircle	40	static
../Core/Src/oled.c:595:6:OLED_DrawEllipse	56	static
../Core/Src/oled.c:644:6:OLED_DrawImage	32	static
../Core/Src/oled.c:659:6:OLED_PrintASCIIChar	32	static
../Core/Src/oled.c:672:6:OLED_PrintASCIIString	40	static
../Core/Src/oled.c:686:9:_OLED_GetUTF8Len	16	static
../Core/Src/oled.c:731:6:OLED_PrintString	56	static
